============================= test session starts ==============================
platform linux -- Python 3.12.1, pytest-9.0.2, pluggy-1.6.0 -- /usr/local/python/3.12.1/bin/python3
cachedir: .pytest_cache
rootdir: /workspaces/redteam/nuguard-oss
configfile: pyproject.toml
plugins: anyio-4.11.0, asyncio-1.3.0
asyncio: mode=Mode.AUTO, debug=False, asyncio_default_fixture_loop_scope=None, asyncio_default_test_loop_scope=function
collecting ... collected 42 items

tests/sbom/test_langchain_adapter.py::test_agent_detected PASSED         [  2%]
tests/sbom/test_langchain_adapter.py::test_model_detected PASSED         [  4%]
tests/sbom/test_langchain_adapter.py::test_tool_decorator_detected PASSED [  7%]
tests/sbom/test_langchain_adapter.py::test_vector_store_detected PASSED  [  9%]
tests/sbom/test_langchain_adapter.py::test_tool_class_detected PASSED    [ 11%]
tests/sbom/test_langchain_adapter.py::test_sql_datastore_detected PASSED [ 14%]
tests/sbom/test_langchain_adapter.py::test_edges_created PASSED          [ 16%]
tests/sbom/test_langchain_adapter.py::test_empty_source_returns_empty PASSED [ 19%]
tests/sbom/test_langchain_adapter.py::test_invalid_syntax_returns_empty PASSED [ 21%]
tests/sbom/test_langchain_adapter.py::test_node_confidence_in_range PASSED [ 23%]
tests/sbom/test_langchain_adapter.py::test_node_ids_are_stable PASSED    [ 26%]
tests/sbom/test_models.py::test_roundtrip_json PASSED                    [ 28%]
tests/sbom/test_models.py::test_roundtrip_from_dict PASSED               [ 30%]
tests/sbom/test_models.py::test_node_type_preserved PASSED               [ 33%]
tests/sbom/test_models.py::test_edge_access_type_preserved PASSED        [ 35%]
tests/sbom/test_models.py::test_summary_node_counts PASSED               [ 38%]
tests/sbom/test_models.py::test_cyclonedx_export PASSED                  [ 40%]
tests/sbom/test_models.py::test_empty_document_roundtrip PASSED          [ 42%]
tests/sbom/test_parser.py::test_parse_from_dict PASSED                   [ 45%]
tests/sbom/test_parser.py::test_parse_from_json_string PASSED            [ 47%]
tests/sbom/test_parser.py::test_parse_from_bytes PASSED                  [ 50%]
tests/sbom/test_parser.py::test_parse_invalid_json_raises PASSED         [ 52%]
tests/sbom/test_parser.py::test_parse_wrong_type_raises PASSED           [ 54%]
tests/sbom/test_parser.py::test_parse_nodes_typed_correctly PASSED       [ 57%]
tests/sbom/test_parser.py::test_parse_missing_required_field_raises PASSED [ 59%]
tests/sbom/test_pii_classifier.py::test_sql_pii_detection PASSED         [ 61%]
tests/sbom/test_pii_classifier.py::test_sql_phi_detection PASSED         [ 64%]
tests/sbom/test_pii_classifier.py::test_sql_no_classification PASSED     [ 66%]
tests/sbom/test_pii_classifier.py::test_sql_multiple_tables PASSED       [ 69%]
tests/sbom/test_pii_classifier.py::test_pydantic_pii_detection PASSED    [ 71%]
tests/sbom/test_pii_classifier.py::test_pydantic_phi_detection PASSED    [ 73%]
tests/sbom/test_pii_classifier.py::test_sqlalchemy_pii_detection PASSED  [ 76%]
tests/sbom/test_pii_classifier.py::test_pydantic_no_sensitive_fields PASSED [ 78%]
tests/sbom/test_pii_classifier.py::test_non_model_python_file PASSED     [ 80%]
tests/sbom/test_pii_classifier.py::test_unsupported_extension PASSED     [ 83%]
tests/sbom/test_validator.py::test_valid_doc_passes PASSED               [ 85%]
tests/sbom/test_validator.py::test_missing_required_field_fails PASSED   [ 88%]
tests/sbom/test_validator.py::test_invalid_component_type_fails PASSED   [ 90%]
tests/sbom/test_validator.py::test_invalid_relationship_type_fails PASSED [ 92%]
tests/sbom/test_validator.py::test_missing_node_id_fails PASSED          [ 95%]
tests/sbom/test_validator.py::test_minimal_valid_doc_passes PASSED       [ 97%]
tests/sbom/test_validator.py::test_node_confidence_out_of_range_fails PASSED [100%]

============================== 42 passed in 2.11s ==============================
