130357 : 2026-04-23 06:54:36,338 : INFO : telemetry.main : Attempt start. Configuration directory [/workspaces/nuguard-private/.azure].
130357 : 2026-04-23 06:54:36,338 : DEBUG : telemetry.note : acquiring lock
130357 : 2026-04-23 06:54:36,338 : DEBUG : telemetry.note : acquired lock
130357 : 2026-04-23 06:54:36,339 : INFO : telemetry.note : Update the note mtime to 2026-04-23 06:54:36.339113
130357 : 2026-04-23 06:54:36,339 : WARNING : telemetry.note : Fail to parse or read the timestamp 'N/A' in the note file. Set the last send time to minimal. Reason: not readable
130357 : 2026-04-23 06:54:36,339 : INFO : telemetry.records : 1 cache files to move.
130357 : 2026-04-23 06:54:36,339 : INFO : telemetry.records : Create temp folder /tmp/tmpmixgc2y4
130357 : 2026-04-23 06:54:36,340 : INFO : telemetry.records : Move file /workspaces/nuguard-private/.azure/telemetry/cache to /tmp/tmpmixgc2y4/cache
130357 : 2026-04-23 06:54:36,343 : INFO : telemetry.records : Processed file /tmp/tmpmixgc2y4/cache into 3 records.
130357 : 2026-04-23 06:54:36,343 : INFO : telemetry.records : Remove directory /tmp/tmpmixgc2y4
130357 : 2026-04-23 06:54:36,344 : INFO : telemetry.client : Accumulated 3 events. Flush the clients.
130357 : 2026-04-23 06:54:36,344 : INFO : telemetry.client : Flush client c4395b75-49cc-422c-bc95-c7d51aef5d46.
130357 : 2026-04-23 06:54:36,642 : INFO : telemetry.sender : Sending 12218 bytes
130357 : 2026-04-23 06:54:36,642 : INFO : telemetry.sender : Finish uploading in 0.297894 seconds.
130357 : 2026-04-23 06:54:36,642 : INFO : telemetry.note : Update the last send in note to 2026-04-23 06:54:36
130357 : 2026-04-23 06:54:36,643 : INFO : telemetry.note : Update the note mtime to 2026-04-23 06:54:36.643097
131032 : 2026-04-23 06:55:15,165 : INFO : telemetry.main : Attempt start. Configuration directory [/workspaces/nuguard-private/.azure].
131032 : 2026-04-23 06:55:15,165 : DEBUG : telemetry.note : acquiring lock
131032 : 2026-04-23 06:55:15,165 : DEBUG : telemetry.note : acquired lock
131032 : 2026-04-23 06:55:15,165 : INFO : telemetry.note : Update the note mtime to 2026-04-23 06:55:15.165637
131032 : 2026-04-23 06:55:15,167 : INFO : telemetry.note : Read timestamp from the note. The last send was 2026-04-23 06:54:36.
131032 : 2026-04-23 06:55:15,167 : INFO : telemetry.records : 1 cache files to move.
131032 : 2026-04-23 06:55:15,167 : INFO : telemetry.records : Create temp folder /tmp/tmpz52g478q
131032 : 2026-04-23 06:55:15,168 : INFO : telemetry.records : Move file /workspaces/nuguard-private/.azure/telemetry/cache to /tmp/tmpz52g478q/cache
131032 : 2026-04-23 06:55:15,168 : INFO : telemetry.records : Processed file /tmp/tmpz52g478q/cache into 2 records.
131032 : 2026-04-23 06:55:15,168 : INFO : telemetry.records : Remove directory /tmp/tmpz52g478q
131032 : 2026-04-23 06:55:15,169 : INFO : telemetry.client : Accumulated 2 events. Flush the clients.
131032 : 2026-04-23 06:55:15,169 : INFO : telemetry.client : Flush client c4395b75-49cc-422c-bc95-c7d51aef5d46.
131032 : 2026-04-23 06:55:15,423 : INFO : telemetry.sender : Sending 8595 bytes
131032 : 2026-04-23 06:55:15,423 : INFO : telemetry.sender : Finish uploading in 0.253763 seconds.
131032 : 2026-04-23 06:55:15,423 : INFO : telemetry.note : Update the last send in note to 2026-04-23 06:55:15
131032 : 2026-04-23 06:55:15,424 : INFO : telemetry.note : Update the note mtime to 2026-04-23 06:55:15.424064
131477 : 2026-04-23 06:56:07,066 : INFO : telemetry.main : Attempt start. Configuration directory [/workspaces/nuguard-private/.azure].
131477 : 2026-04-23 06:56:07,067 : DEBUG : telemetry.note : acquiring lock
131477 : 2026-04-23 06:56:07,067 : DEBUG : telemetry.note : acquired lock
131477 : 2026-04-23 06:56:07,067 : INFO : telemetry.note : Update the note mtime to 2026-04-23 06:56:07.067365
131477 : 2026-04-23 06:56:07,068 : INFO : telemetry.note : Read timestamp from the note. The last send was 2026-04-23 06:55:15.
131477 : 2026-04-23 06:56:07,069 : INFO : telemetry.records : 1 cache files to move.
131477 : 2026-04-23 06:56:07,069 : INFO : telemetry.records : Create temp folder /tmp/tmp1izirnbo
131477 : 2026-04-23 06:56:07,069 : INFO : telemetry.records : Move file /workspaces/nuguard-private/.azure/telemetry/cache to /tmp/tmp1izirnbo/cache
131477 : 2026-04-23 06:56:07,069 : INFO : telemetry.records : Processed file /tmp/tmp1izirnbo/cache into 1 records.
131477 : 2026-04-23 06:56:07,069 : INFO : telemetry.records : Remove directory /tmp/tmp1izirnbo
131477 : 2026-04-23 06:56:07,070 : INFO : telemetry.client : Accumulated 1 events. Flush the clients.
131477 : 2026-04-23 06:56:07,070 : INFO : telemetry.client : Flush client c4395b75-49cc-422c-bc95-c7d51aef5d46.
131477 : 2026-04-23 06:56:07,312 : INFO : telemetry.sender : Sending 4400 bytes
131477 : 2026-04-23 06:56:07,312 : INFO : telemetry.sender : Finish uploading in 0.242053 seconds.
131477 : 2026-04-23 06:56:07,312 : INFO : telemetry.note : Update the last send in note to 2026-04-23 06:56:06
131477 : 2026-04-23 06:56:07,312 : INFO : telemetry.note : Update the note mtime to 2026-04-23 06:56:07.312969
131938 : 2026-04-23 06:56:36,076 : INFO : telemetry.main : Attempt start. Configuration directory [/workspaces/nuguard-private/.azure].
131938 : 2026-04-23 06:56:36,077 : DEBUG : telemetry.note : acquiring lock
131938 : 2026-04-23 06:56:36,077 : DEBUG : telemetry.note : acquired lock
131938 : 2026-04-23 06:56:36,077 : INFO : telemetry.note : Update the note mtime to 2026-04-23 06:56:36.077566
131938 : 2026-04-23 06:56:36,078 : INFO : telemetry.note : Read timestamp from the note. The last send was 2026-04-23 06:56:06.
131938 : 2026-04-23 06:56:36,079 : INFO : telemetry.records : 1 cache files to move.
131938 : 2026-04-23 06:56:36,079 : INFO : telemetry.records : Create temp folder /tmp/tmp2umsz2zz
131938 : 2026-04-23 06:56:36,079 : INFO : telemetry.records : Move file /workspaces/nuguard-private/.azure/telemetry/cache to /tmp/tmp2umsz2zz/cache
131938 : 2026-04-23 06:56:36,079 : INFO : telemetry.records : Processed file /tmp/tmp2umsz2zz/cache into 1 records.
131938 : 2026-04-23 06:56:36,080 : INFO : telemetry.records : Remove directory /tmp/tmp2umsz2zz
131938 : 2026-04-23 06:56:36,080 : INFO : telemetry.client : Accumulated 1 events. Flush the clients.
131938 : 2026-04-23 06:56:36,080 : INFO : telemetry.client : Flush client c4395b75-49cc-422c-bc95-c7d51aef5d46.
131956 : 2026-04-23 06:56:36,298 : INFO : telemetry.main : Attempt start. Configuration directory [/workspaces/nuguard-private/.azure].
131956 : 2026-04-23 06:56:36,298 : DEBUG : telemetry.note : acquiring lock
131956 : 2026-04-23 06:56:36,298 : INFO : telemetry.main : Lock out from note file under /workspaces/nuguard-private/.azure which means another process is running. Exit 0.
131938 : 2026-04-23 06:56:36,327 : INFO : telemetry.sender : Sending 4404 bytes
131938 : 2026-04-23 06:56:36,327 : INFO : telemetry.sender : Finish uploading in 0.246578 seconds.
131938 : 2026-04-23 06:56:36,327 : INFO : telemetry.note : Update the last send in note to 2026-04-23 06:56:35
131938 : 2026-04-23 06:56:36,327 : INFO : telemetry.note : Update the note mtime to 2026-04-23 06:56:36.327824
131973 : 2026-04-23 06:56:36,573 : INFO : telemetry.main : Attempt start. Configuration directory [/workspaces/nuguard-private/.azure].
131973 : 2026-04-23 06:56:36,573 : DEBUG : telemetry.note : acquiring lock
131973 : 2026-04-23 06:56:36,573 : DEBUG : telemetry.note : acquired lock
131973 : 2026-04-23 06:56:36,573 : INFO : telemetry.note : Update the note mtime to 2026-04-23 06:56:36.573627
131973 : 2026-04-23 06:56:36,574 : INFO : telemetry.note : Read timestamp from the note. The last send was 2026-04-23 06:56:35.
131973 : 2026-04-23 06:56:36,575 : INFO : telemetry.records : 1 cache files to move.
131973 : 2026-04-23 06:56:36,575 : INFO : telemetry.records : Create temp folder /tmp/tmpsce0y82p
131973 : 2026-04-23 06:56:36,575 : INFO : telemetry.records : Move file /workspaces/nuguard-private/.azure/telemetry/cache to /tmp/tmpsce0y82p/cache
131973 : 2026-04-23 06:56:36,575 : INFO : telemetry.records : Processed file /tmp/tmpsce0y82p/cache into 2 records.
131973 : 2026-04-23 06:56:36,576 : INFO : telemetry.records : Remove directory /tmp/tmpsce0y82p
131973 : 2026-04-23 06:56:36,576 : INFO : telemetry.client : Accumulated 2 events. Flush the clients.
131973 : 2026-04-23 06:56:36,576 : INFO : telemetry.client : Flush client c4395b75-49cc-422c-bc95-c7d51aef5d46.
131973 : 2026-04-23 06:56:36,825 : INFO : telemetry.sender : Sending 8770 bytes
131973 : 2026-04-23 06:56:36,825 : INFO : telemetry.sender : Finish uploading in 0.248286 seconds.
131973 : 2026-04-23 06:56:36,825 : INFO : telemetry.note : Update the last send in note to 2026-04-23 06:56:36
131973 : 2026-04-23 06:56:36,825 : INFO : telemetry.note : Update the note mtime to 2026-04-23 06:56:36.825763
97 : 2026-04-23 06:57:23,949 : INFO : telemetry.main : Attempt start. Configuration directory [/workspaces/nuguard-private/.azure].
97 : 2026-04-23 06:57:23,950 : DEBUG : telemetry.note : acquiring lock
97 : 2026-04-23 06:57:23,950 : DEBUG : telemetry.note : acquired lock
97 : 2026-04-23 06:57:23,950 : INFO : telemetry.note : Update the note mtime to 2026-04-23 06:57:23.950273
97 : 2026-04-23 06:57:23,951 : INFO : telemetry.note : Read timestamp from the note. The last send was 2026-04-23 06:56:36.
97 : 2026-04-23 06:57:23,951 : INFO : telemetry.records : 1 cache files to move.
97 : 2026-04-23 06:57:23,952 : INFO : telemetry.records : Create temp folder /tmp/tmpf29mic43
97 : 2026-04-23 06:57:23,952 : INFO : telemetry.records : Move file /workspaces/nuguard-private/.azure/telemetry/cache to /tmp/tmpf29mic43/cache
97 : 2026-04-23 06:57:23,952 : INFO : telemetry.records : Processed file /tmp/tmpf29mic43/cache into 1 records.
97 : 2026-04-23 06:57:23,952 : INFO : telemetry.records : Remove directory /tmp/tmpf29mic43
97 : 2026-04-23 06:57:23,953 : INFO : telemetry.client : Accumulated 1 events. Flush the clients.
97 : 2026-04-23 06:57:23,953 : INFO : telemetry.client : Flush client c4395b75-49cc-422c-bc95-c7d51aef5d46.
132745 : 2026-04-23 06:57:54,461 : INFO : telemetry.main : Attempt start. Configuration directory [/workspaces/nuguard-private/.azure].
132745 : 2026-04-23 06:57:54,462 : DEBUG : telemetry.note : acquiring lock
132745 : 2026-04-23 06:57:54,462 : DEBUG : telemetry.note : acquired lock
132745 : 2026-04-23 06:57:54,462 : INFO : telemetry.note : Update the note mtime to 2026-04-23 06:57:54.462707
132745 : 2026-04-23 06:57:54,464 : INFO : telemetry.note : Read timestamp from the note. The last send was 2026-04-23 06:56:36.
132745 : 2026-04-23 06:57:54,464 : INFO : telemetry.records : 1 cache files to move.
132745 : 2026-04-23 06:57:54,464 : INFO : telemetry.records : Create temp folder /tmp/tmpmm2nb1nr
132745 : 2026-04-23 06:57:54,464 : INFO : telemetry.records : Move file /workspaces/nuguard-private/.azure/telemetry/cache to /tmp/tmpmm2nb1nr/cache
132745 : 2026-04-23 06:57:54,465 : INFO : telemetry.records : Processed file /tmp/tmpmm2nb1nr/cache into 1 records.
132745 : 2026-04-23 06:57:54,465 : INFO : telemetry.records : Remove directory /tmp/tmpmm2nb1nr
132745 : 2026-04-23 06:57:54,465 : INFO : telemetry.client : Accumulated 1 events. Flush the clients.
132745 : 2026-04-23 06:57:54,465 : INFO : telemetry.client : Flush client c4395b75-49cc-422c-bc95-c7d51aef5d46.
132745 : 2026-04-23 06:57:54,726 : INFO : telemetry.sender : Sending 4432 bytes
132745 : 2026-04-23 06:57:54,726 : INFO : telemetry.sender : Finish uploading in 0.260788 seconds.
132745 : 2026-04-23 06:57:54,727 : INFO : telemetry.note : Update the last send in note to 2026-04-23 06:57:54
132745 : 2026-04-23 06:57:54,727 : INFO : telemetry.note : Update the note mtime to 2026-04-23 06:57:54.727328
133574 : 2026-04-23 06:59:22,717 : INFO : telemetry.main : Attempt start. Configuration directory [/workspaces/nuguard-private/.azure].
133574 : 2026-04-23 06:59:22,718 : DEBUG : telemetry.note : acquiring lock
133574 : 2026-04-23 06:59:22,718 : DEBUG : telemetry.note : acquired lock
133574 : 2026-04-23 06:59:22,718 : INFO : telemetry.note : Update the note mtime to 2026-04-23 06:59:22.718305
133574 : 2026-04-23 06:59:22,720 : INFO : telemetry.note : Read timestamp from the note. The last send was 2026-04-23 06:57:54.
133574 : 2026-04-23 06:59:22,720 : INFO : telemetry.records : 1 cache files to move.
133574 : 2026-04-23 06:59:22,720 : INFO : telemetry.records : Create temp folder /tmp/tmpcinvwo6v
133574 : 2026-04-23 06:59:22,721 : INFO : telemetry.records : Move file /workspaces/nuguard-private/.azure/telemetry/cache to /tmp/tmpcinvwo6v/cache
133574 : 2026-04-23 06:59:22,721 : INFO : telemetry.records : Processed file /tmp/tmpcinvwo6v/cache into 1 records.
133574 : 2026-04-23 06:59:22,721 : INFO : telemetry.records : Remove directory /tmp/tmpcinvwo6v
133574 : 2026-04-23 06:59:22,721 : INFO : telemetry.client : Accumulated 1 events. Flush the clients.
133574 : 2026-04-23 06:59:22,722 : INFO : telemetry.client : Flush client c4395b75-49cc-422c-bc95-c7d51aef5d46.
133591 : 2026-04-23 06:59:22,880 : INFO : telemetry.main : Attempt start. Configuration directory [/workspaces/nuguard-private/.azure].
133591 : 2026-04-23 06:59:22,880 : DEBUG : telemetry.note : acquiring lock
133591 : 2026-04-23 06:59:22,881 : INFO : telemetry.main : Lock out from note file under /workspaces/nuguard-private/.azure which means another process is running. Exit 0.
133574 : 2026-04-23 06:59:22,993 : INFO : telemetry.sender : Sending 4504 bytes
133574 : 2026-04-23 06:59:22,994 : INFO : telemetry.sender : Finish uploading in 0.271765 seconds.
133574 : 2026-04-23 06:59:22,994 : INFO : telemetry.note : Update the last send in note to 2026-04-23 06:59:22
133574 : 2026-04-23 06:59:22,994 : INFO : telemetry.note : Update the note mtime to 2026-04-23 06:59:22.994380
134103 : 2026-04-23 06:59:56,793 : INFO : telemetry.main : Attempt start. Configuration directory [/workspaces/nuguard-private/.azure].
134103 : 2026-04-23 06:59:56,793 : DEBUG : telemetry.note : acquiring lock
134103 : 2026-04-23 06:59:56,793 : DEBUG : telemetry.note : acquired lock
134103 : 2026-04-23 06:59:56,794 : INFO : telemetry.note : Update the note mtime to 2026-04-23 06:59:56.794050
134103 : 2026-04-23 06:59:56,795 : INFO : telemetry.note : Read timestamp from the note. The last send was 2026-04-23 06:59:22.
134103 : 2026-04-23 06:59:56,796 : INFO : telemetry.records : 1 cache files to move.
134103 : 2026-04-23 06:59:56,796 : INFO : telemetry.records : Create temp folder /tmp/tmpn5osbqdr
134103 : 2026-04-23 06:59:56,796 : INFO : telemetry.records : Move file /workspaces/nuguard-private/.azure/telemetry/cache to /tmp/tmpn5osbqdr/cache
134103 : 2026-04-23 06:59:56,797 : INFO : telemetry.records : Processed file /tmp/tmpn5osbqdr/cache into 2 records.
134103 : 2026-04-23 06:59:56,797 : INFO : telemetry.records : Remove directory /tmp/tmpn5osbqdr
134103 : 2026-04-23 06:59:56,798 : INFO : telemetry.client : Accumulated 2 events. Flush the clients.
134103 : 2026-04-23 06:59:56,798 : INFO : telemetry.client : Flush client c4395b75-49cc-422c-bc95-c7d51aef5d46.
134108 : 2026-04-23 06:59:56,810 : INFO : telemetry.main : Attempt start. Configuration directory [/workspaces/nuguard-private/.azure].
134108 : 2026-04-23 06:59:56,811 : DEBUG : telemetry.note : acquiring lock
134108 : 2026-04-23 06:59:56,811 : INFO : telemetry.main : Lock out from note file under /workspaces/nuguard-private/.azure which means another process is running. Exit 0.
134103 : 2026-04-23 06:59:57,065 : INFO : telemetry.sender : Sending 9008 bytes
134103 : 2026-04-23 06:59:57,065 : INFO : telemetry.sender : Finish uploading in 0.266858 seconds.
134103 : 2026-04-23 06:59:57,065 : INFO : telemetry.note : Update the last send in note to 2026-04-23 06:59:56
134103 : 2026-04-23 06:59:57,065 : INFO : telemetry.note : Update the note mtime to 2026-04-23 06:59:57.065762
134131 : 2026-04-23 06:59:57,212 : INFO : telemetry.main : Attempt start. Configuration directory [/workspaces/nuguard-private/.azure].
134131 : 2026-04-23 06:59:57,213 : DEBUG : telemetry.note : acquiring lock
134131 : 2026-04-23 06:59:57,213 : DEBUG : telemetry.note : acquired lock
134131 : 2026-04-23 06:59:57,213 : INFO : telemetry.note : Update the note mtime to 2026-04-23 06:59:57.213427
134131 : 2026-04-23 06:59:57,215 : INFO : telemetry.note : Read timestamp from the note. The last send was 2026-04-23 06:59:56.
134131 : 2026-04-23 06:59:57,215 : INFO : telemetry.records : 1 cache files to move.
134131 : 2026-04-23 06:59:57,215 : INFO : telemetry.records : Create temp folder /tmp/tmpkc0lw2pz
134131 : 2026-04-23 06:59:57,216 : INFO : telemetry.records : Move file /workspaces/nuguard-private/.azure/telemetry/cache to /tmp/tmpkc0lw2pz/cache
134131 : 2026-04-23 06:59:57,216 : INFO : telemetry.records : Processed file /tmp/tmpkc0lw2pz/cache into 1 records.
134131 : 2026-04-23 06:59:57,216 : INFO : telemetry.records : Remove directory /tmp/tmpkc0lw2pz
134131 : 2026-04-23 06:59:57,216 : INFO : telemetry.client : Accumulated 1 events. Flush the clients.
134131 : 2026-04-23 06:59:57,217 : INFO : telemetry.client : Flush client c4395b75-49cc-422c-bc95-c7d51aef5d46.
134131 : 2026-04-23 06:59:57,471 : INFO : telemetry.sender : Sending 4504 bytes
134131 : 2026-04-23 06:59:57,472 : INFO : telemetry.sender : Finish uploading in 0.254711 seconds.
134131 : 2026-04-23 06:59:57,472 : INFO : telemetry.note : Update the last send in note to 2026-04-23 06:59:57
134131 : 2026-04-23 06:59:57,472 : INFO : telemetry.note : Update the note mtime to 2026-04-23 06:59:57.472315
135099 : 2026-04-23 07:02:00,595 : INFO : telemetry.main : Attempt start. Configuration directory [/workspaces/nuguard-private/.azure].
135099 : 2026-04-23 07:02:00,595 : DEBUG : telemetry.note : acquiring lock
135099 : 2026-04-23 07:02:00,596 : DEBUG : telemetry.note : acquired lock
135099 : 2026-04-23 07:02:00,596 : INFO : telemetry.note : Update the note mtime to 2026-04-23 07:02:00.596224
135099 : 2026-04-23 07:02:00,597 : INFO : telemetry.note : Read timestamp from the note. The last send was 2026-04-23 06:59:57.
135099 : 2026-04-23 07:02:00,598 : INFO : telemetry.records : 1 cache files to move.
135099 : 2026-04-23 07:02:00,598 : INFO : telemetry.records : Create temp folder /tmp/tmp7m5uzo8r
135099 : 2026-04-23 07:02:00,598 : INFO : telemetry.records : Move file /workspaces/nuguard-private/.azure/telemetry/cache to /tmp/tmp7m5uzo8r/cache
135099 : 2026-04-23 07:02:00,598 : INFO : telemetry.records : Processed file /tmp/tmp7m5uzo8r/cache into 1 records.
135099 : 2026-04-23 07:02:00,598 : INFO : telemetry.records : Remove directory /tmp/tmp7m5uzo8r
135099 : 2026-04-23 07:02:00,599 : INFO : telemetry.client : Accumulated 1 events. Flush the clients.
135099 : 2026-04-23 07:02:00,599 : INFO : telemetry.client : Flush client c4395b75-49cc-422c-bc95-c7d51aef5d46.
135345 : 2026-04-23 07:02:22,282 : INFO : telemetry.main : Attempt start. Configuration directory [/workspaces/nuguard-private/.azure].
135345 : 2026-04-23 07:02:22,282 : DEBUG : telemetry.note : acquiring lock
135345 : 2026-04-23 07:02:22,282 : DEBUG : telemetry.note : acquired lock
135345 : 2026-04-23 07:02:22,282 : INFO : telemetry.note : Update the note mtime to 2026-04-23 07:02:22.282892
135345 : 2026-04-23 07:02:22,284 : INFO : telemetry.note : Read timestamp from the note. The last send was 2026-04-23 06:59:57.
135345 : 2026-04-23 07:02:22,284 : INFO : telemetry.records : 1 cache files to move.
135345 : 2026-04-23 07:02:22,284 : INFO : telemetry.records : Create temp folder /tmp/tmpd01ego5m
135345 : 2026-04-23 07:02:22,285 : INFO : telemetry.records : Move file /workspaces/nuguard-private/.azure/telemetry/cache to /tmp/tmpd01ego5m/cache
135345 : 2026-04-23 07:02:22,285 : INFO : telemetry.records : Processed file /tmp/tmpd01ego5m/cache into 1 records.
135345 : 2026-04-23 07:02:22,285 : INFO : telemetry.records : Remove directory /tmp/tmpd01ego5m
135345 : 2026-04-23 07:02:22,285 : INFO : telemetry.client : Accumulated 1 events. Flush the clients.
135345 : 2026-04-23 07:02:22,286 : INFO : telemetry.client : Flush client c4395b75-49cc-422c-bc95-c7d51aef5d46.
135345 : 2026-04-23 07:02:22,548 : INFO : telemetry.sender : Sending 4983 bytes
135345 : 2026-04-23 07:02:22,548 : INFO : telemetry.sender : Finish uploading in 0.262157 seconds.
135345 : 2026-04-23 07:02:22,548 : INFO : telemetry.note : Update the last send in note to 2026-04-23 07:02:22
135345 : 2026-04-23 07:02:22,548 : INFO : telemetry.note : Update the note mtime to 2026-04-23 07:02:22.548836
135923 : 2026-04-23 07:03:32,862 : INFO : telemetry.main : Attempt start. Configuration directory [/workspaces/nuguard-private/.azure].
135923 : 2026-04-23 07:03:32,862 : DEBUG : telemetry.note : acquiring lock
135923 : 2026-04-23 07:03:32,863 : DEBUG : telemetry.note : acquired lock
135923 : 2026-04-23 07:03:32,863 : INFO : telemetry.note : Update the note mtime to 2026-04-23 07:03:32.863308
135923 : 2026-04-23 07:03:32,865 : INFO : telemetry.note : Read timestamp from the note. The last send was 2026-04-23 07:02:22.
135923 : 2026-04-23 07:03:32,865 : INFO : telemetry.records : 1 cache files to move.
135923 : 2026-04-23 07:03:32,865 : INFO : telemetry.records : Create temp folder /tmp/tmpdyfmqk2m
135923 : 2026-04-23 07:03:32,865 : INFO : telemetry.records : Move file /workspaces/nuguard-private/.azure/telemetry/cache to /tmp/tmpdyfmqk2m/cache
135923 : 2026-04-23 07:03:32,866 : INFO : telemetry.records : Processed file /tmp/tmpdyfmqk2m/cache into 1 records.
135923 : 2026-04-23 07:03:32,866 : INFO : telemetry.records : Remove directory /tmp/tmpdyfmqk2m
135923 : 2026-04-23 07:03:32,866 : INFO : telemetry.client : Accumulated 1 events. Flush the clients.
135923 : 2026-04-23 07:03:32,866 : INFO : telemetry.client : Flush client c4395b75-49cc-422c-bc95-c7d51aef5d46.
135923 : 2026-04-23 07:03:33,117 : INFO : telemetry.sender : Sending 4504 bytes
135923 : 2026-04-23 07:03:33,117 : INFO : telemetry.sender : Finish uploading in 0.250783 seconds.
135923 : 2026-04-23 07:03:33,118 : INFO : telemetry.note : Update the last send in note to 2026-04-23 07:03:32
135923 : 2026-04-23 07:03:33,118 : INFO : telemetry.note : Update the note mtime to 2026-04-23 07:03:33.118315
136232 : 2026-04-23 07:04:03,722 : INFO : telemetry.main : Attempt start. Configuration directory [/workspaces/nuguard-private/.azure].
136232 : 2026-04-23 07:04:03,723 : DEBUG : telemetry.note : acquiring lock
136232 : 2026-04-23 07:04:03,723 : DEBUG : telemetry.note : acquired lock
136232 : 2026-04-23 07:04:03,723 : INFO : telemetry.note : Update the note mtime to 2026-04-23 07:04:03.723361
136232 : 2026-04-23 07:04:03,724 : INFO : telemetry.note : Read timestamp from the note. The last send was 2026-04-23 07:03:32.
136232 : 2026-04-23 07:04:03,725 : INFO : telemetry.records : 1 cache files to move.
136232 : 2026-04-23 07:04:03,725 : INFO : telemetry.records : Create temp folder /tmp/tmplc63q30e
136232 : 2026-04-23 07:04:03,725 : INFO : telemetry.records : Move file /workspaces/nuguard-private/.azure/telemetry/cache to /tmp/tmplc63q30e/cache
136232 : 2026-04-23 07:04:03,725 : INFO : telemetry.records : Processed file /tmp/tmplc63q30e/cache into 1 records.
136232 : 2026-04-23 07:04:03,725 : INFO : telemetry.records : Remove directory /tmp/tmplc63q30e
136232 : 2026-04-23 07:04:03,726 : INFO : telemetry.client : Accumulated 1 events. Flush the clients.
136232 : 2026-04-23 07:04:03,726 : INFO : telemetry.client : Flush client c4395b75-49cc-422c-bc95-c7d51aef5d46.
136232 : 2026-04-23 07:04:03,972 : INFO : telemetry.sender : Sending 4504 bytes
136232 : 2026-04-23 07:04:03,973 : INFO : telemetry.sender : Finish uploading in 0.246307 seconds.
136232 : 2026-04-23 07:04:03,973 : INFO : telemetry.note : Update the last send in note to 2026-04-23 07:04:03
136232 : 2026-04-23 07:04:03,973 : INFO : telemetry.note : Update the note mtime to 2026-04-23 07:04:03.973392
140006 : 2026-04-23 07:09:19,954 : INFO : telemetry.main : Attempt start. Configuration directory [/workspaces/nuguard-private/.azure].
140006 : 2026-04-23 07:09:19,955 : DEBUG : telemetry.note : acquiring lock
140006 : 2026-04-23 07:09:19,955 : DEBUG : telemetry.note : acquired lock
140006 : 2026-04-23 07:09:19,955 : INFO : telemetry.note : Update the note mtime to 2026-04-23 07:09:19.955475
140006 : 2026-04-23 07:09:19,956 : INFO : telemetry.note : Read timestamp from the note. The last send was 2026-04-23 07:04:03.
140006 : 2026-04-23 07:09:19,957 : INFO : telemetry.records : 1 cache files to move.
140006 : 2026-04-23 07:09:19,957 : INFO : telemetry.records : Create temp folder /tmp/tmp1fkaaihu
140006 : 2026-04-23 07:09:19,957 : INFO : telemetry.records : Move file /workspaces/nuguard-private/.azure/telemetry/cache to /tmp/tmp1fkaaihu/cache
140006 : 2026-04-23 07:09:19,957 : INFO : telemetry.records : Processed file /tmp/tmp1fkaaihu/cache into 1 records.
140006 : 2026-04-23 07:09:19,958 : INFO : telemetry.records : Remove directory /tmp/tmp1fkaaihu
140006 : 2026-04-23 07:09:19,958 : INFO : telemetry.client : Accumulated 1 events. Flush the clients.
140006 : 2026-04-23 07:09:19,958 : INFO : telemetry.client : Flush client c4395b75-49cc-422c-bc95-c7d51aef5d46.
140006 : 2026-04-23 07:09:20,223 : INFO : telemetry.sender : Sending 4504 bytes
140006 : 2026-04-23 07:09:20,223 : INFO : telemetry.sender : Finish uploading in 0.264547 seconds.
140006 : 2026-04-23 07:09:20,223 : INFO : telemetry.note : Update the last send in note to 2026-04-23 07:09:19
140006 : 2026-04-23 07:09:20,223 : INFO : telemetry.note : Update the note mtime to 2026-04-23 07:09:20.223827
140030 : 2026-04-23 07:09:20,542 : INFO : telemetry.main : Attempt start. Configuration directory [/workspaces/nuguard-private/.azure].
140030 : 2026-04-23 07:09:20,543 : DEBUG : telemetry.note : acquiring lock
140030 : 2026-04-23 07:09:20,543 : DEBUG : telemetry.note : acquired lock
140030 : 2026-04-23 07:09:20,543 : INFO : telemetry.note : Update the note mtime to 2026-04-23 07:09:20.543333
140030 : 2026-04-23 07:09:20,544 : INFO : telemetry.note : Read timestamp from the note. The last send was 2026-04-23 07:09:19.
140030 : 2026-04-23 07:09:20,545 : INFO : telemetry.records : 1 cache files to move.
140030 : 2026-04-23 07:09:20,545 : INFO : telemetry.records : Create temp folder /tmp/tmpvb7vwh8f
140030 : 2026-04-23 07:09:20,545 : INFO : telemetry.records : Move file /workspaces/nuguard-private/.azure/telemetry/cache to /tmp/tmpvb7vwh8f/cache
140030 : 2026-04-23 07:09:20,545 : INFO : telemetry.records : Processed file /tmp/tmpvb7vwh8f/cache into 1 records.
140030 : 2026-04-23 07:09:20,546 : INFO : telemetry.records : Remove directory /tmp/tmpvb7vwh8f
140030 : 2026-04-23 07:09:20,546 : INFO : telemetry.client : Accumulated 1 events. Flush the clients.
140030 : 2026-04-23 07:09:20,546 : INFO : telemetry.client : Flush client c4395b75-49cc-422c-bc95-c7d51aef5d46.
140030 : 2026-04-23 07:09:20,801 : INFO : telemetry.sender : Sending 4388 bytes
140030 : 2026-04-23 07:09:20,801 : INFO : telemetry.sender : Finish uploading in 0.254885 seconds.
140030 : 2026-04-23 07:09:20,801 : INFO : telemetry.note : Update the last send in note to 2026-04-23 07:09:20
140030 : 2026-04-23 07:09:20,801 : INFO : telemetry.note : Update the note mtime to 2026-04-23 07:09:20.801966
140704 : 2026-04-23 07:10:15,785 : INFO : telemetry.main : Attempt start. Configuration directory [/workspaces/nuguard-private/.azure].
140704 : 2026-04-23 07:10:15,785 : DEBUG : telemetry.note : acquiring lock
140704 : 2026-04-23 07:10:15,785 : DEBUG : telemetry.note : acquired lock
140704 : 2026-04-23 07:10:15,786 : INFO : telemetry.note : Update the note mtime to 2026-04-23 07:10:15.786036
140704 : 2026-04-23 07:10:15,787 : INFO : telemetry.note : Read timestamp from the note. The last send was 2026-04-23 07:09:20.
140704 : 2026-04-23 07:10:15,788 : INFO : telemetry.records : 1 cache files to move.
140704 : 2026-04-23 07:10:15,788 : INFO : telemetry.records : Create temp folder /tmp/tmpzt5oq97n
140704 : 2026-04-23 07:10:15,788 : INFO : telemetry.records : Move file /workspaces/nuguard-private/.azure/telemetry/cache to /tmp/tmpzt5oq97n/cache
140704 : 2026-04-23 07:10:15,789 : INFO : telemetry.records : Processed file /tmp/tmpzt5oq97n/cache into 2 records.
140704 : 2026-04-23 07:10:15,789 : INFO : telemetry.records : Remove directory /tmp/tmpzt5oq97n
140704 : 2026-04-23 07:10:15,789 : INFO : telemetry.client : Accumulated 2 events. Flush the clients.
140704 : 2026-04-23 07:10:15,790 : INFO : telemetry.client : Flush client c4395b75-49cc-422c-bc95-c7d51aef5d46.
140721 : 2026-04-23 07:10:15,837 : INFO : telemetry.main : Attempt start. Configuration directory [/workspaces/nuguard-private/.azure].
140721 : 2026-04-23 07:10:15,837 : DEBUG : telemetry.note : acquiring lock
140721 : 2026-04-23 07:10:15,837 : INFO : telemetry.main : Lock out from note file under /workspaces/nuguard-private/.azure which means another process is running. Exit 0.
140704 : 2026-04-23 07:10:16,049 : INFO : telemetry.sender : Sending 9008 bytes
140704 : 2026-04-23 07:10:16,050 : INFO : telemetry.sender : Finish uploading in 0.259710 seconds.
140704 : 2026-04-23 07:10:16,050 : INFO : telemetry.note : Update the last send in note to 2026-04-23 07:10:15
140704 : 2026-04-23 07:10:16,050 : INFO : telemetry.note : Update the note mtime to 2026-04-23 07:10:16.050671
140830 : 2026-04-23 07:10:29,768 : INFO : telemetry.main : Attempt start. Configuration directory [/workspaces/nuguard-private/.azure].
140830 : 2026-04-23 07:10:29,768 : DEBUG : telemetry.note : acquiring lock
140830 : 2026-04-23 07:10:29,768 : DEBUG : telemetry.note : acquired lock
140830 : 2026-04-23 07:10:29,768 : INFO : telemetry.note : Update the note mtime to 2026-04-23 07:10:29.768797
140830 : 2026-04-23 07:10:29,770 : INFO : telemetry.note : Read timestamp from the note. The last send was 2026-04-23 07:10:15.
140830 : 2026-04-23 07:10:29,770 : INFO : telemetry.records : 1 cache files to move.
140830 : 2026-04-23 07:10:29,770 : INFO : telemetry.records : Create temp folder /tmp/tmpd4dor7z4
140830 : 2026-04-23 07:10:29,770 : INFO : telemetry.records : Move file /workspaces/nuguard-private/.azure/telemetry/cache to /tmp/tmpd4dor7z4/cache
140830 : 2026-04-23 07:10:29,771 : INFO : telemetry.records : Processed file /tmp/tmpd4dor7z4/cache into 1 records.
140830 : 2026-04-23 07:10:29,771 : INFO : telemetry.records : Remove directory /tmp/tmpd4dor7z4
140830 : 2026-04-23 07:10:29,771 : INFO : telemetry.client : Accumulated 1 events. Flush the clients.
140830 : 2026-04-23 07:10:29,771 : INFO : telemetry.client : Flush client c4395b75-49cc-422c-bc95-c7d51aef5d46.
140830 : 2026-04-23 07:10:30,024 : INFO : telemetry.sender : Sending 4401 bytes
140830 : 2026-04-23 07:10:30,025 : INFO : telemetry.sender : Finish uploading in 0.253049 seconds.
140830 : 2026-04-23 07:10:30,025 : INFO : telemetry.note : Update the last send in note to 2026-04-23 07:10:29
140830 : 2026-04-23 07:10:30,025 : INFO : telemetry.note : Update the note mtime to 2026-04-23 07:10:30.025393
141984 : 2026-04-23 07:12:51,226 : INFO : telemetry.main : Attempt start. Configuration directory [/workspaces/nuguard-private/.azure].
141984 : 2026-04-23 07:12:51,227 : DEBUG : telemetry.note : acquiring lock
141984 : 2026-04-23 07:12:51,227 : DEBUG : telemetry.note : acquired lock
141984 : 2026-04-23 07:12:51,227 : INFO : telemetry.note : Update the note mtime to 2026-04-23 07:12:51.227569
141984 : 2026-04-23 07:12:51,228 : INFO : telemetry.note : Read timestamp from the note. The last send was 2026-04-23 07:10:29.
141984 : 2026-04-23 07:12:51,229 : INFO : telemetry.records : 1 cache files to move.
141984 : 2026-04-23 07:12:51,229 : INFO : telemetry.records : Create temp folder /tmp/tmp5v_gfwwy
141984 : 2026-04-23 07:12:51,229 : INFO : telemetry.records : Move file /workspaces/nuguard-private/.azure/telemetry/cache to /tmp/tmp5v_gfwwy/cache
141984 : 2026-04-23 07:12:51,230 : INFO : telemetry.records : Processed file /tmp/tmp5v_gfwwy/cache into 1 records.
141984 : 2026-04-23 07:12:51,230 : INFO : telemetry.records : Remove directory /tmp/tmp5v_gfwwy
141984 : 2026-04-23 07:12:51,230 : INFO : telemetry.client : Accumulated 1 events. Flush the clients.
141984 : 2026-04-23 07:12:51,230 : INFO : telemetry.client : Flush client c4395b75-49cc-422c-bc95-c7d51aef5d46.
141984 : 2026-04-23 07:12:51,483 : INFO : telemetry.sender : Sending 4394 bytes
141984 : 2026-04-23 07:12:51,483 : INFO : telemetry.sender : Finish uploading in 0.252528 seconds.
141984 : 2026-04-23 07:12:51,484 : INFO : telemetry.note : Update the last send in note to 2026-04-23 07:12:51
141984 : 2026-04-23 07:12:51,484 : INFO : telemetry.note : Update the note mtime to 2026-04-23 07:12:51.484180
143956 : 2026-04-23 07:15:27,313 : INFO : telemetry.main : Attempt start. Configuration directory [/workspaces/nuguard-private/.azure].
143956 : 2026-04-23 07:15:27,313 : DEBUG : telemetry.note : acquiring lock
143956 : 2026-04-23 07:15:27,313 : DEBUG : telemetry.note : acquired lock
143956 : 2026-04-23 07:15:27,313 : INFO : telemetry.note : Update the note mtime to 2026-04-23 07:15:27.313819
143956 : 2026-04-23 07:15:27,315 : INFO : telemetry.note : Read timestamp from the note. The last send was 2026-04-23 07:12:51.
143956 : 2026-04-23 07:15:27,316 : INFO : telemetry.records : 1 cache files to move.
143956 : 2026-04-23 07:15:27,316 : INFO : telemetry.records : Create temp folder /tmp/tmp1mwrc4zx
143956 : 2026-04-23 07:15:27,316 : INFO : telemetry.records : Move file /workspaces/nuguard-private/.azure/telemetry/cache to /tmp/tmp1mwrc4zx/cache
143956 : 2026-04-23 07:15:27,317 : INFO : telemetry.records : Processed file /tmp/tmp1mwrc4zx/cache into 1 records.
143956 : 2026-04-23 07:15:27,317 : INFO : telemetry.records : Remove directory /tmp/tmp1mwrc4zx
143956 : 2026-04-23 07:15:27,317 : INFO : telemetry.client : Accumulated 1 events. Flush the clients.
143956 : 2026-04-23 07:15:27,318 : INFO : telemetry.client : Flush client c4395b75-49cc-422c-bc95-c7d51aef5d46.
143956 : 2026-04-23 07:15:27,570 : INFO : telemetry.sender : Sending 4504 bytes
143956 : 2026-04-23 07:15:27,570 : INFO : telemetry.sender : Finish uploading in 0.252471 seconds.
143956 : 2026-04-23 07:15:27,571 : INFO : telemetry.note : Update the last send in note to 2026-04-23 07:15:27
143956 : 2026-04-23 07:15:27,571 : INFO : telemetry.note : Update the note mtime to 2026-04-23 07:15:27.571185
147412 : 2026-04-23 07:21:33,301 : INFO : telemetry.main : Attempt start. Configuration directory [/workspaces/nuguard-private/.azure].
147412 : 2026-04-23 07:21:33,301 : DEBUG : telemetry.note : acquiring lock
147412 : 2026-04-23 07:21:33,302 : DEBUG : telemetry.note : acquired lock
147412 : 2026-04-23 07:21:33,302 : INFO : telemetry.note : Update the note mtime to 2026-04-23 07:21:33.302330
147412 : 2026-04-23 07:21:33,304 : INFO : telemetry.note : Read timestamp from the note. The last send was 2026-04-23 07:15:27.
147412 : 2026-04-23 07:21:33,304 : INFO : telemetry.records : 1 cache files to move.
147412 : 2026-04-23 07:21:33,305 : INFO : telemetry.records : Create temp folder /tmp/tmpox8l9wrz
147412 : 2026-04-23 07:21:33,305 : INFO : telemetry.records : Move file /workspaces/nuguard-private/.azure/telemetry/cache to /tmp/tmpox8l9wrz/cache
147412 : 2026-04-23 07:21:33,305 : INFO : telemetry.records : Processed file /tmp/tmpox8l9wrz/cache into 2 records.
147412 : 2026-04-23 07:21:33,306 : INFO : telemetry.records : Remove directory /tmp/tmpox8l9wrz
147412 : 2026-04-23 07:21:33,306 : INFO : telemetry.client : Accumulated 2 events. Flush the clients.
147412 : 2026-04-23 07:21:33,306 : INFO : telemetry.client : Flush client c4395b75-49cc-422c-bc95-c7d51aef5d46.
147414 : 2026-04-23 07:21:33,311 : INFO : telemetry.main : Attempt start. Configuration directory [/workspaces/nuguard-private/.azure].
147414 : 2026-04-23 07:21:33,311 : DEBUG : telemetry.note : acquiring lock
147414 : 2026-04-23 07:21:33,311 : INFO : telemetry.main : Lock out from note file under /workspaces/nuguard-private/.azure which means another process is running. Exit 0.
147412 : 2026-04-23 07:21:33,562 : INFO : telemetry.sender : Sending 9008 bytes
147412 : 2026-04-23 07:21:33,562 : INFO : telemetry.sender : Finish uploading in 0.255765 seconds.
147412 : 2026-04-23 07:21:33,563 : INFO : telemetry.note : Update the last send in note to 2026-04-23 07:21:33
147412 : 2026-04-23 07:21:33,563 : INFO : telemetry.note : Update the note mtime to 2026-04-23 07:21:33.563189
149595 : 2026-04-23 07:25:33,512 : INFO : telemetry.main : Attempt start. Configuration directory [/workspaces/nuguard-private/.azure].
149595 : 2026-04-23 07:25:33,513 : DEBUG : telemetry.note : acquiring lock
149595 : 2026-04-23 07:25:33,513 : DEBUG : telemetry.note : acquired lock
149595 : 2026-04-23 07:25:33,513 : INFO : telemetry.note : Update the note mtime to 2026-04-23 07:25:33.513569
149595 : 2026-04-23 07:25:33,515 : INFO : telemetry.note : Read timestamp from the note. The last send was 2026-04-23 07:21:33.
149595 : 2026-04-23 07:25:33,515 : INFO : telemetry.records : 1 cache files to move.
149595 : 2026-04-23 07:25:33,516 : INFO : telemetry.records : Create temp folder /tmp/tmpym5i_18k
149595 : 2026-04-23 07:25:33,516 : INFO : telemetry.records : Move file /workspaces/nuguard-private/.azure/telemetry/cache to /tmp/tmpym5i_18k/cache
149595 : 2026-04-23 07:25:33,516 : INFO : telemetry.records : Processed file /tmp/tmpym5i_18k/cache into 3 records.
149595 : 2026-04-23 07:25:33,517 : INFO : telemetry.records : Remove directory /tmp/tmpym5i_18k
149595 : 2026-04-23 07:25:33,517 : INFO : telemetry.client : Accumulated 3 events. Flush the clients.
149595 : 2026-04-23 07:25:33,518 : INFO : telemetry.client : Flush client c4395b75-49cc-422c-bc95-c7d51aef5d46.
149595 : 2026-04-23 07:25:33,823 : INFO : telemetry.sender : Sending 13536 bytes
149595 : 2026-04-23 07:25:33,823 : INFO : telemetry.sender : Finish uploading in 0.304824 seconds.
149595 : 2026-04-23 07:25:33,823 : INFO : telemetry.note : Update the last send in note to 2026-04-23 07:25:33
149595 : 2026-04-23 07:25:33,823 : INFO : telemetry.note : Update the note mtime to 2026-04-23 07:25:33.823768
150545 : 2026-04-23 07:27:19,673 : INFO : telemetry.main : Attempt start. Configuration directory [/workspaces/nuguard-private/.azure].
150545 : 2026-04-23 07:27:19,673 : DEBUG : telemetry.note : acquiring lock
150545 : 2026-04-23 07:27:19,673 : DEBUG : telemetry.note : acquired lock
150545 : 2026-04-23 07:27:19,673 : INFO : telemetry.note : Update the note mtime to 2026-04-23 07:27:19.673692
150545 : 2026-04-23 07:27:19,675 : INFO : telemetry.note : Read timestamp from the note. The last send was 2026-04-23 07:25:33.
150545 : 2026-04-23 07:27:19,675 : INFO : telemetry.records : 1 cache files to move.
150545 : 2026-04-23 07:27:19,675 : INFO : telemetry.records : Create temp folder /tmp/tmp6s__no2v
150545 : 2026-04-23 07:27:19,675 : INFO : telemetry.records : Move file /workspaces/nuguard-private/.azure/telemetry/cache to /tmp/tmp6s__no2v/cache
150545 : 2026-04-23 07:27:19,675 : INFO : telemetry.records : Processed file /tmp/tmp6s__no2v/cache into 1 records.
150545 : 2026-04-23 07:27:19,676 : INFO : telemetry.records : Remove directory /tmp/tmp6s__no2v
150545 : 2026-04-23 07:27:19,676 : INFO : telemetry.client : Accumulated 1 events. Flush the clients.
150545 : 2026-04-23 07:27:19,676 : INFO : telemetry.client : Flush client c4395b75-49cc-422c-bc95-c7d51aef5d46.
150545 : 2026-04-23 07:27:19,920 : INFO : telemetry.sender : Sending 4460 bytes
150545 : 2026-04-23 07:27:19,920 : INFO : telemetry.sender : Finish uploading in 0.244059 seconds.
150545 : 2026-04-23 07:27:19,921 : INFO : telemetry.note : Update the last send in note to 2026-04-23 07:27:19
150545 : 2026-04-23 07:27:19,921 : INFO : telemetry.note : Update the note mtime to 2026-04-23 07:27:19.921303
153152 : 2026-04-23 07:31:19,561 : INFO : telemetry.main : Attempt start. Configuration directory [/workspaces/nuguard-private/.azure].
153152 : 2026-04-23 07:31:19,561 : DEBUG : telemetry.note : acquiring lock
153152 : 2026-04-23 07:31:19,562 : DEBUG : telemetry.note : acquired lock
153152 : 2026-04-23 07:31:19,562 : INFO : telemetry.note : Update the note mtime to 2026-04-23 07:31:19.562273
153152 : 2026-04-23 07:31:19,563 : INFO : telemetry.note : Read timestamp from the note. The last send was 2026-04-23 07:27:19.
153152 : 2026-04-23 07:31:19,563 : INFO : telemetry.records : 1 cache files to move.
153152 : 2026-04-23 07:31:19,564 : INFO : telemetry.records : Create temp folder /tmp/tmpzzdjezp5
153152 : 2026-04-23 07:31:19,564 : INFO : telemetry.records : Move file /workspaces/nuguard-private/.azure/telemetry/cache to /tmp/tmpzzdjezp5/cache
153152 : 2026-04-23 07:31:19,564 : INFO : telemetry.records : Processed file /tmp/tmpzzdjezp5/cache into 1 records.
153152 : 2026-04-23 07:31:19,564 : INFO : telemetry.records : Remove directory /tmp/tmpzzdjezp5
153152 : 2026-04-23 07:31:19,565 : INFO : telemetry.client : Accumulated 1 events. Flush the clients.
153152 : 2026-04-23 07:31:19,565 : INFO : telemetry.client : Flush client c4395b75-49cc-422c-bc95-c7d51aef5d46.
153152 : 2026-04-23 07:31:19,826 : INFO : telemetry.sender : Sending 4462 bytes
153152 : 2026-04-23 07:31:19,827 : INFO : telemetry.sender : Finish uploading in 0.261261 seconds.
153152 : 2026-04-23 07:31:19,827 : INFO : telemetry.note : Update the last send in note to 2026-04-23 07:31:19
153152 : 2026-04-23 07:31:19,827 : INFO : telemetry.note : Update the note mtime to 2026-04-23 07:31:19.827409
153600 : 2026-04-23 07:32:11,981 : INFO : telemetry.main : Attempt start. Configuration directory [/workspaces/nuguard-private/.azure].
153600 : 2026-04-23 07:32:11,981 : DEBUG : telemetry.note : acquiring lock
153600 : 2026-04-23 07:32:11,981 : DEBUG : telemetry.note : acquired lock
153600 : 2026-04-23 07:32:11,981 : INFO : telemetry.note : Update the note mtime to 2026-04-23 07:32:11.981874
153600 : 2026-04-23 07:32:11,983 : INFO : telemetry.note : Read timestamp from the note. The last send was 2026-04-23 07:31:19.
153600 : 2026-04-23 07:32:11,983 : INFO : telemetry.records : 1 cache files to move.
153600 : 2026-04-23 07:32:11,983 : INFO : telemetry.records : Create temp folder /tmp/tmp42iutvb4
153600 : 2026-04-23 07:32:11,984 : INFO : telemetry.records : Move file /workspaces/nuguard-private/.azure/telemetry/cache to /tmp/tmp42iutvb4/cache
153600 : 2026-04-23 07:32:11,984 : INFO : telemetry.records : Processed file /tmp/tmp42iutvb4/cache into 1 records.
153600 : 2026-04-23 07:32:11,984 : INFO : telemetry.records : Remove directory /tmp/tmp42iutvb4
153600 : 2026-04-23 07:32:11,985 : INFO : telemetry.client : Accumulated 1 events. Flush the clients.
153600 : 2026-04-23 07:32:11,985 : INFO : telemetry.client : Flush client c4395b75-49cc-422c-bc95-c7d51aef5d46.
153600 : 2026-04-23 07:32:12,233 : INFO : telemetry.sender : Sending 4472 bytes
153600 : 2026-04-23 07:32:12,233 : INFO : telemetry.sender : Finish uploading in 0.247714 seconds.
153600 : 2026-04-23 07:32:12,233 : INFO : telemetry.note : Update the last send in note to 2026-04-23 07:32:11
153600 : 2026-04-23 07:32:12,233 : INFO : telemetry.note : Update the note mtime to 2026-04-23 07:32:12.233895
